Archive member included because of file (symbol)

loader/.output/eagle/lib/libloader.a(loader.o)
                              (call_user_start)
main/.output/eagle/lib/libaddmmain.a(startup.o)
                              loader/.output/eagle/lib/libloader.a(loader.o) (startup)
main/.output/eagle/lib/libaddmmain.a(os_printf.o)
                              main/.output/eagle/lib/libaddmmain.a(startup.o) (os_printf_plus)
main/.output/eagle/lib/libaddmmain.a(wdt.o)
                              main/.output/eagle/lib/libaddmmain.a(startup.o) (wdt_init)
user/.output/eagle/lib/libuser.a(user_main.o)
                              main/.output/eagle/lib/libaddmmain.a(startup.o) (user_init)
../lib\libmem.a(mem_manager.o)
                              main/.output/eagle/lib/libaddmmain.a(startup.o) (pvPortMalloc)

Allocating common symbols
Common symbol       size              file

wdt_flg             0x1               main/.output/eagle/lib/libaddmmain.a(wdt.o)
wdt_eventq          0x8               main/.output/eagle/lib/libaddmmain.a(wdt.o)

Memory Configuration

Name             Origin             Length             Attributes
dport0_0_seg     0x3ff00000         0x00000100
dram0_0_seg      0x3ffe8000         0x00014000
iram1_0_seg      0x40100000         0x00008000
irom0_0_seg      0x40240000         0x00032000
*default*        0x00000000         0xffffffff

Linker script and memory map

START GROUP
LOAD main/.output/eagle/lib/libaddmmain.a
LOAD loader/.output/eagle/lib/libloader.a
LOAD user/.output/eagle/lib/libuser.a
LOAD ../lib\libmem.a
LOAD ../lib\libmc.a
LOAD ../lib\libmgcc.a
END GROUP
                0x40000000                PROVIDE (_memmap_vecbase_reset, 0x40000000)
                0x00000110                _memmap_cacheattr_wb_base = 0x110
                0x00000110                _memmap_cacheattr_wt_base = 0x110
                0x00000220                _memmap_cacheattr_bp_base = 0x220
                0xfffff00f                _memmap_cacheattr_unused_mask = 0xfffff00f
                0x2222211f                _memmap_cacheattr_wb_trapnull = 0x2222211f
                0x2222211f                _memmap_cacheattr_wba_trapnull = 0x2222211f
                0x2222211f                _memmap_cacheattr_wbna_trapnull = 0x2222211f
                0x2222211f                _memmap_cacheattr_wt_trapnull = 0x2222211f
                0x2222222f                _memmap_cacheattr_bp_trapnull = 0x2222222f
                0xfffff11f                _memmap_cacheattr_wb_strict = 0xfffff11f
                0xfffff11f                _memmap_cacheattr_wt_strict = 0xfffff11f
                0xfffff22f                _memmap_cacheattr_bp_strict = 0xfffff22f
                0x22222112                _memmap_cacheattr_wb_allvalid = 0x22222112
                0x22222112                _memmap_cacheattr_wt_allvalid = 0x22222112
                0x22222222                _memmap_cacheattr_bp_allvalid = 0x22222222
                0x2222211f                PROVIDE (_memmap_cacheattr_reset, _memmap_cacheattr_wb_trapnull)

.dport0.rodata  0x3ff00000        0x0
                0x3ff00000                _dport0_rodata_start = ABSOLUTE (.)
 *(.dport0.rodata)
 *(.dport.rodata)
                0x3ff00000                _dport0_rodata_end = ABSOLUTE (.)

.dport0.literal
                0x3ff00000        0x0
                0x3ff00000                _dport0_literal_start = ABSOLUTE (.)
 *(.dport0.literal)
 *(.dport.literal)
                0x3ff00000                _dport0_literal_end = ABSOLUTE (.)

.dport0.data    0x3ff00000        0x0
                0x3ff00000                _dport0_data_start = ABSOLUTE (.)
 *(.dport0.data)
 *(.dport.data)
                0x3ff00000                _dport0_data_end = ABSOLUTE (.)

.data           0x3ffe8000        0x0
                0x3ffe8000                _data_start = ABSOLUTE (.)
 *(.data)
 .data          0x3ffe8000        0x0 loader/.output/eagle/lib/libloader.a(loader.o)
 .data          0x3ffe8000        0x0 main/.output/eagle/lib/libaddmmain.a(startup.o)
 .data          0x3ffe8000        0x0 main/.output/eagle/lib/libaddmmain.a(os_printf.o)
 .data          0x3ffe8000        0x0 main/.output/eagle/lib/libaddmmain.a(wdt.o)
 .data          0x3ffe8000        0x0 user/.output/eagle/lib/libuser.a(user_main.o)
 .data          0x3ffe8000        0x0 ../lib\libmem.a(mem_manager.o)
 *(.data.*)
 *(.gnu.linkonce.d.*)
 *(.data1)
 *(.sdata)
 *(.sdata.*)
 *(.gnu.linkonce.s.*)
 *(.sdata2)
 *(.sdata2.*)
 *(.gnu.linkonce.s2.*)
 *(.jcr)
                0x3ffe8000                _data_end = ABSOLUTE (.)

.rodata         0x3ffe8000        0x4
                0x3ffe8000                _rodata_start = ABSOLUTE (.)
 *(.rodata)
 .rodata        0x3ffe8000        0x2 ../lib\libmem.a(mem_manager.o)
 *(.rodata.*)
 *(.gnu.linkonce.r.*)
 *(.rodata1)
 *(.dynamic)
 *(.gnu.version_d)
                0x3ffe8004                . = ALIGN (0x4)
 *fill*         0x3ffe8002        0x2 
                0x3ffe8004                _bss_table_start = ABSOLUTE (.)
                0x3ffe8004                _bss_table_end = ABSOLUTE (.)
                0x3ffe8004                _rodata_end = ABSOLUTE (.)

.bss            0x3ffe8008       0x28
                0x3ffe8008                . = ALIGN (0x8)
                0x3ffe8008                _bss_start = ABSOLUTE (.)
 *(.dynsbss)
 *(.sbss)
 *(.sbss.*)
 *(.gnu.linkonce.sb.*)
 *(.scommon)
 *(.sbss2)
 *(.sbss2.*)
 *(.gnu.linkonce.sb2.*)
 *(.dynbss)
 *(.bss)
 .bss           0x3ffe8008        0x0 loader/.output/eagle/lib/libloader.a(loader.o)
 .bss           0x3ffe8008        0x0 main/.output/eagle/lib/libaddmmain.a(startup.o)
 .bss           0x3ffe8008        0x0 main/.output/eagle/lib/libaddmmain.a(os_printf.o)
 .bss           0x3ffe8008        0x0 main/.output/eagle/lib/libaddmmain.a(wdt.o)
 .bss           0x3ffe8008        0x0 user/.output/eagle/lib/libuser.a(user_main.o)
 .bss           0x3ffe8008       0x18 ../lib\libmem.a(mem_manager.o)
 *(.bss.*)
 *(.gnu.linkonce.b.*)
 *(COMMON)
 COMMON         0x3ffe8020        0xc main/.output/eagle/lib/libaddmmain.a(wdt.o)
                0x3ffe8020                wdt_flg
                0x3ffe8024                wdt_eventq
                0x3ffe8030                . = ALIGN (0x8)
 *fill*         0x3ffe802c        0x4 
                0x3ffe8030                _bss_end = ABSOLUTE (.)
                0x3ffe8030                _heap_start = ABSOLUTE (.)

.text           0x40100000      0x37c
                0x40100000                _stext = .
                0x40100000                _text_start = ABSOLUTE (.)
 *(.entry.text)
 *(.init.literal)
 *(.init)
 *(.literal .text .literal.* .text.* .stub .gnu.warning .gnu.linkonce.literal.* .gnu.linkonce.t.*.literal .gnu.linkonce.t.*)
 .text          0x40100000       0xe4 loader/.output/eagle/lib/libloader.a(loader.o)
                                 0xe8 (size before relaxing)
                0x40100018                sflash_something
                0x40100078                call_user_start
 .text          0x401000e4       0xbf main/.output/eagle/lib/libaddmmain.a(wdt.o)
                                 0xcb (size before relaxing)
                0x401000ec                store_exception_error
                0x40100144                wdt_feed
                0x40100174                default_exception_handler
                0x40100188                fatal_error
 *fill*         0x401001a3        0x1 
 .text          0x401001a4      0x1d5 ../lib\libmem.a(mem_manager.o)
                                0x1f1 (size before relaxing)
                0x401001c4                pvPortMalloc
                0x40100278                vPortFree
                0x401002b8                pvPortCalloc
                0x401002e0                pvPortZalloc
                0x401002f8                pvPortRealloc
                0x40100330                vPortInitialiseBlocks
 *fill*         0x40100379        0x3 
 .literal       0x4010037c        0x0 loader/.output/eagle/lib/libloader.a(loader.o)
 .text          0x4010037c        0x0 main/.output/eagle/lib/libaddmmain.a(startup.o)
 .text          0x4010037c        0x0 main/.output/eagle/lib/libaddmmain.a(os_printf.o)
 .literal       0x4010037c        0x0 main/.output/eagle/lib/libaddmmain.a(wdt.o)
 .text          0x4010037c        0x0 user/.output/eagle/lib/libuser.a(user_main.o)
 *fill*         0x4010037c        0x0 
 .literal       0x4010037c        0x0 ../lib\libmem.a(mem_manager.o)
 *(.fini.literal)
 *(.fini)
 *(.gnu.version)
                0x4010037c                _text_end = ABSOLUTE (.)
                0x4010037c                _etext = .

.lit4           0x4010037c        0x0
                0x4010037c                _lit4_start = ABSOLUTE (.)
 *(*.lit4)
 *(.lit4.*)
 *(.gnu.linkonce.lit4.*)
                0x4010037c                _lit4_end = ABSOLUTE (.)

.irom0.text     0x40240000      0x548
                0x40240000                _irom0_text_start = ABSOLUTE (.)
 *(.irom0.literal .irom.literal .irom.text.literal .irom0.text .irom.text)
 .irom0.text    0x40240000      0x13c main/.output/eagle/lib/libaddmmain.a(startup.o)
                                0x174 (size before relaxing)
                0x40240040                startup
 .irom0.text    0x4024013c       0xbf main/.output/eagle/lib/libaddmmain.a(os_printf.o)
                                 0xd3 (size before relaxing)
                0x40240140                _sprintf_out
                0x40240168                os_printf_plus
                0x402401b4                os_sprintf_plus
 *fill*         0x402401fb        0x1 
 .irom0.text    0x402401fc      0x12f main/.output/eagle/lib/libaddmmain.a(wdt.o)
                                0x14a (size before relaxing)
                0x40240210                wdt_task
                0x40240268                wdt_init
                0x402402c4                os_print_reset_error
 *fill*         0x4024032b        0x1 
 .irom0.text    0x4024032c       0xac user/.output/eagle/lib/libuser.a(user_main.o)
                                 0xe8 (size before relaxing)
                0x40240350                user_init
 .irom0.text    0x402403d8       0x54 ../lib\libmem.a(mem_manager.o)
                                 0x58 (size before relaxing)
                0x402403dc                xPortGetFreeHeapSize
 .irom0.literal
                0x4024042c        0x0 main/.output/eagle/lib/libaddmmain.a(startup.o)
 .irom.text     0x4024042c       0x15 main/.output/eagle/lib/libaddmmain.a(startup.o)
 *fill*         0x40240441        0x3 
 .irom0.literal
                0x40240444        0x0 main/.output/eagle/lib/libaddmmain.a(os_printf.o)
 *fill*         0x40240444        0x0 
 .irom0.literal
                0x40240444        0x0 main/.output/eagle/lib/libaddmmain.a(wdt.o)
 *fill*         0x40240444        0x0 
 .irom.text     0x40240444       0x38 main/.output/eagle/lib/libaddmmain.a(wdt.o)
 .irom0.literal
                0x4024047c        0x0 user/.output/eagle/lib/libuser.a(user_main.o)
 .irom.text     0x4024047c       0xa4 user/.output/eagle/lib/libuser.a(user_main.o)
 .irom0.literal
                0x40240520        0x0 ../lib\libmem.a(mem_manager.o)
 *fill*         0x40240520        0x0 
 .irom.text     0x40240520       0x28 ../lib\libmem.a(mem_manager.o)
                0x40240548                _irom0_text_end = ABSOLUTE (.)
                0x400047f0                PROVIDE (Cache_Read_Disable, 0x400047f0)
                0x40004678                PROVIDE (Cache_Read_Enable, 0x40004678)
                0x400035a0                PROVIDE (FilePacketSendReqMsgProc, 0x400035a0)
                0x4000368c                PROVIDE (FlashDwnLdParamCfgMsgProc, 0x4000368c)
                0x40003538                PROVIDE (FlashDwnLdStartMsgProc, 0x40003538)
                0x40003658                PROVIDE (FlashDwnLdStopReqMsgProc, 0x40003658)
                0x40003f4c                PROVIDE (GetUartDevice, 0x40003f4c)
                0x40009900                PROVIDE (MD5Final, 0x40009900)
                0x40009818                PROVIDE (MD5Init, 0x40009818)
                0x40009834                PROVIDE (MD5Update, 0x40009834)
                0x400036c4                PROVIDE (MemDwnLdStartMsgProc, 0x400036c4)
                0x4000377c                PROVIDE (MemDwnLdStopReqMsgProc, 0x4000377c)
                0x400036f0                PROVIDE (MemPacketSendReqMsgProc, 0x400036f0)
                0x40003eac                PROVIDE (RcvMsg, 0x40003eac)
                0x4000b648                PROVIDE (SHA1Final, 0x4000b648)
                0x4000b584                PROVIDE (SHA1Init, 0x4000b584)
                0x4000a364                PROVIDE (SHA1Transform, 0x4000a364)
                0x4000b5a8                PROVIDE (SHA1Update, 0x4000b5a8)
                0x400043c8                PROVIDE (SPI_read_status, 0x400043c8)
                0x40004400                PROVIDE (SPI_write_status, 0x40004400)
                0x4000443c                PROVIDE (SPI_write_enable, 0x4000443c)
                0x4000448c                PROVIDE (Wait_SPI_Idle, 0x4000448c)
                0x40004b44                PROVIDE (SPIEraseArea, 0x40004b44)
                0x400049b4                PROVIDE (SPIEraseBlock, 0x400049b4)
                0x40004984                PROVIDE (SPIEraseChip, 0x40004984)
                0x40004a00                PROVIDE (SPIEraseSector, 0x40004a00)
                0x400048a8                PROVIDE (SPILock, 0x400048a8)
                0x40004c2c                PROVIDE (SPIParamCfg, 0x40004c2c)
                0x40004b1c                PROVIDE (SPIRead, 0x40004b1c)
                0x400048ec                PROVIDE (SPIReadModeCnfig, 0x400048ec)
                0x40004878                PROVIDE (SPIUnlock, 0x40004878)
                0x40004a4c                PROVIDE (SPIWrite, 0x40004a4c)
                0x40003f58                PROVIDE (SelectSpiFunction, 0x40003f58)
                0x40003cf4                PROVIDE (SendMsg, 0x40003cf4)
                0x40003230                PROVIDE (UartConnCheck, 0x40003230)
                0x400037a0                PROVIDE (UartConnectProc, 0x400037a0)
                0x40003368                PROVIDE (UartDwnLdProc, 0x40003368)
                0x40003ef4                PROVIDE (UartGetCmdLn, 0x40003ef4)
                0x4000381c                PROVIDE (UartRegReadProc, 0x4000381c)
                0x400037ac                PROVIDE (UartRegWriteProc, 0x400037ac)
                0x40003c30                PROVIDE (UartRxString, 0x40003c30)
                0x40003a14                PROVIDE (Uart_Init, 0x40003a14)
                0x40000010                PROVIDE (_DebugExceptionVector, 0x40000010)
                0x40000070                PROVIDE (_DoubleExceptionVector, 0x40000070)
                0x40000030                PROVIDE (_KernelExceptionVector, 0x40000030)
                0x40000020                PROVIDE (_NMIExceptionVector, 0x40000020)
                0x400000a4                PROVIDE (_ResetHandler, 0x400000a4)
                0x40000080                PROVIDE (_ResetVector, 0x40000080)
                0x40000050                PROVIDE (_UserExceptionVector, 0x40000050)
                0x4000c538                PROVIDE (__adddf3, 0x4000c538)
                0x4000c180                PROVIDE (__addsf3, 0x4000c180)
                0x4000cb94                PROVIDE (__divdf3, 0x4000cb94)
                0x4000ce60                PROVIDE (__divdi3, 0x4000ce60)
                0x4000dc88                PROVIDE (__divsi3, 0x4000dc88)
                0x4000cdfc                PROVIDE (__extendsfdf2, 0x4000cdfc)
                0x4000ccb8                PROVIDE (__fixdfsi, 0x4000ccb8)
                0x4000cd00                PROVIDE (__fixunsdfsi, 0x4000cd00)
                0x4000c4c4                PROVIDE (__fixunssfsi, 0x4000c4c4)
                0x4000e2f0                PROVIDE (__floatsidf, 0x4000e2f0)
                0x4000e2ac                PROVIDE (__floatsisf, 0x4000e2ac)
                0x4000e2e8                PROVIDE (__floatunsidf, 0x4000e2e8)
                0x4000e2a4                PROVIDE (__floatunsisf, 0x4000e2a4)
                0x4000c8f0                PROVIDE (__muldf3, 0x4000c8f0)
                0x40000650                PROVIDE (__muldi3, 0x40000650)
                0x4000c3dc                PROVIDE (__mulsf3, 0x4000c3dc)
                0x4000c688                PROVIDE (__subdf3, 0x4000c688)
                0x4000c268                PROVIDE (__subsf3, 0x4000c268)
                0x4000cd5c                PROVIDE (__truncdfsf2, 0x4000cd5c)
                0x4000d310                PROVIDE (__udivdi3, 0x4000d310)
                0x4000e21c                PROVIDE (__udivsi3, 0x4000e21c)
                0x4000d770                PROVIDE (__umoddi3, 0x4000d770)
                0x4000e268                PROVIDE (__umodsi3, 0x4000e268)
                0x4000dcf0                PROVIDE (__umulsidi3, 0x4000dcf0)
                0x4000e388                PROVIDE (_rom_store, 0x4000e388)
                0x4000e328                PROVIDE (_rom_store_table, 0x4000e328)
                0x4000042c                PROVIDE (_start, 0x4000042c)
                0x4000dbe0                PROVIDE (_xtos_alloca_handler, 0x4000dbe0)
                0x40000598                PROVIDE (_xtos_c_wrapper_handler, 0x40000598)
                0x40000590                PROVIDE (_xtos_cause3_handler, 0x40000590)
                0x4000bda4                PROVIDE (_xtos_ints_off, 0x4000bda4)
                0x4000bd84                PROVIDE (_xtos_ints_on, 0x4000bd84)
                0x4000048c                PROVIDE (_xtos_l1int_handler, 0x4000048c)
                0x4000dbf8                PROVIDE (_xtos_p_none, 0x4000dbf8)
                0x4000056c                PROVIDE (_xtos_restore_intlevel, 0x4000056c)
                0x4000dc54                PROVIDE (_xtos_return_from_exc, 0x4000dc54)
                0x40000454                PROVIDE (_xtos_set_exception_handler, 0x40000454)
                0x4000bd70                PROVIDE (_xtos_set_interrupt_handler, 0x4000bd70)
                0x4000bd28                PROVIDE (_xtos_set_interrupt_handler_arg, 0x4000bd28)
                0x4000dbfc                PROVIDE (_xtos_set_intlevel, 0x4000dbfc)
                0x4000dc18                PROVIDE (_xtos_set_min_intlevel, 0x4000dc18)
                0x40000574                PROVIDE (_xtos_set_vpri, 0x40000574)
                0x4000dbe4                PROVIDE (_xtos_syscall_handler, 0x4000dbe4)
                0x4000dc44                PROVIDE (_xtos_unhandled_exception, 0x4000dc44)
                0x4000dc3c                PROVIDE (_xtos_unhandled_interrupt, 0x4000dc3c)
                0x400092d4                PROVIDE (aes_decrypt, 0x400092d4)
                0x400092e4                PROVIDE (aes_decrypt_deinit, 0x400092e4)
                0x40008ea4                PROVIDE (aes_decrypt_init, 0x40008ea4)
                0x40009410                PROVIDE (aes_unwrap, 0x40009410)
                0x40009648                PROVIDE (base64_decode, 0x40009648)
                0x400094fc                PROVIDE (base64_encode, 0x400094fc)
                0x4000de84                PROVIDE (bzero, 0x4000de84)
                0x40000814                PROVIDE (cmd_parse, 0x40000814)
                0x40000b24                PROVIDE (conv_str_decimal, 0x40000b24)
                0x40000cb8                PROVIDE (conv_str_hex, 0x40000cb8)
                0x40000a60                PROVIDE (convert_para_str, 0x40000a60)
                0x400026d0                PROVIDE (dtm_get_intr_mask, 0x400026d0)
                0x4000269c                PROVIDE (dtm_params_init, 0x4000269c)
                0x400026c8                PROVIDE (dtm_set_intr_mask, 0x400026c8)
                0x400026dc                PROVIDE (dtm_set_params, 0x400026dc)
                0x40001d14                PROVIDE (eprintf, 0x40001d14)
                0x40001cb8                PROVIDE (eprintf_init_buf, 0x40001cb8)
                0x40001d48                PROVIDE (eprintf_to_host, 0x40001d48)
                0x40002494                PROVIDE (est_get_printf_buf_remain_len, 0x40002494)
                0x4000249c                PROVIDE (est_reset_printf_buf_len, 0x4000249c)
                0x40002ae8                PROVIDE (ets_bzero, 0x40002ae8)
                0x40002b74                PROVIDE (ets_char2xdigit, 0x40002b74)
                0x40002ecc                PROVIDE (ets_delay_us, 0x40002ecc)
                0x400027b8                PROVIDE (ets_enter_sleep, 0x400027b8)
                0x40002578                PROVIDE (ets_external_printf, 0x40002578)
                0x40002f0c                PROVIDE (ets_get_cpu_frequency, 0x40002f0c)
                0x40002bcc                PROVIDE (ets_getc, 0x40002bcc)
                0x40002450                PROVIDE (ets_install_external_printf, 0x40002450)
                0x4000242c                PROVIDE (ets_install_putc1, 0x4000242c)
                0x4000248c                PROVIDE (ets_install_putc2, 0x4000248c)
                0x40002438                PROVIDE (ets_install_uart_printf, 0x40002438)
                0x40000f74                PROVIDE (ets_intr_lock, 0x40000f74)
                0x40000f80                PROVIDE (ets_intr_unlock, 0x40000f80)
                0x40000f88                PROVIDE (ets_isr_attach, 0x40000f88)
                0x40000f98                PROVIDE (ets_isr_mask, 0x40000f98)
                0x40000fa8                PROVIDE (ets_isr_unmask, 0x40000fa8)
                0x400018d4                PROVIDE (ets_memcmp, 0x400018d4)
                0x400018b4                PROVIDE (ets_memcpy, 0x400018b4)
                0x400018c4                PROVIDE (ets_memmove, 0x400018c4)
                0x400018a4                PROVIDE (ets_memset, 0x400018a4)
                0x40000e24                PROVIDE (ets_post, 0x40000e24)
                0x400024cc                PROVIDE (ets_printf, 0x400024cc)
                0x40002be8                PROVIDE (ets_putc, 0x40002be8)
                0x40002a40                PROVIDE (ets_rtc_int_register, 0x40002a40)
                0x40000e04                PROVIDE (ets_run, 0x40000e04)
                0x40000dc0                PROVIDE (ets_set_idle_cb, 0x40000dc0)
                0x40000fbc                PROVIDE (ets_set_user_start, 0x40000fbc)
                0x40002af8                PROVIDE (ets_str2macaddr, 0x40002af8)
                0x40002aa8                PROVIDE (ets_strcmp, 0x40002aa8)
                0x40002a88                PROVIDE (ets_strcpy, 0x40002a88)
                0x40002ac8                PROVIDE (ets_strlen, 0x40002ac8)
                0x40002ab8                PROVIDE (ets_strncmp, 0x40002ab8)
                0x40002a98                PROVIDE (ets_strncpy, 0x40002a98)
                0x40002ad8                PROVIDE (ets_strstr, 0x40002ad8)
                0x40000dd0                PROVIDE (ets_task, 0x40000dd0)
                0x40002cc4                PROVIDE (ets_timer_arm, 0x40002cc4)
                0x40002d40                PROVIDE (ets_timer_disarm, 0x40002d40)
                0x40002d80                PROVIDE (ets_timer_done, 0x40002d80)
                0x40002da8                PROVIDE (ets_timer_handler_isr, 0x40002da8)
                0x40002e68                PROVIDE (ets_timer_init, 0x40002e68)
                0x40002c48                PROVIDE (ets_timer_setfn, 0x40002c48)
                0x40002544                PROVIDE (ets_uart_printf, 0x40002544)
                0x40002f04                PROVIDE (ets_update_cpu_frequency, 0x40002f04)
                0x40001f00                PROVIDE (ets_vprintf, 0x40001f00)
                0x400030f0                PROVIDE (ets_wdt_disable, 0x400030f0)
                0x40002fa0                PROVIDE (ets_wdt_enable, 0x40002fa0)
                0x40002f34                PROVIDE (ets_wdt_get_mode, 0x40002f34)
                0x40003170                PROVIDE (ets_wdt_init, 0x40003170)
                0x40003158                PROVIDE (ets_wdt_restore, 0x40003158)
                0x40001da0                PROVIDE (ets_write_char, 0x40001da0)
                0x4000091c                PROVIDE (get_first_seg, 0x4000091c)
                0x40004c50                PROVIDE (gpio_init, 0x40004c50)
                0x40004cf0                PROVIDE (gpio_input_get, 0x40004cf0)
                0x40004dcc                PROVIDE (gpio_intr_ack, 0x40004dcc)
                0x40004e28                PROVIDE (gpio_intr_handler_register, 0x40004e28)
                0x40004d88                PROVIDE (gpio_intr_pending, 0x40004d88)
                0x40004efc                PROVIDE (gpio_intr_test, 0x40004efc)
                0x40004cd0                PROVIDE (gpio_output_set, 0x40004cd0)
                0x40004d90                PROVIDE (gpio_pin_intr_state_set, 0x40004d90)
                0x40004ed4                PROVIDE (gpio_pin_wakeup_disable, 0x40004ed4)
                0x40004e90                PROVIDE (gpio_pin_wakeup_enable, 0x40004e90)
                0x40004d5c                PROVIDE (gpio_register_get, 0x40004d5c)
                0x40004d04                PROVIDE (gpio_register_set, 0x40004d04)
                0x4000a2cc                PROVIDE (hmac_md5, 0x4000a2cc)
                0x4000a160                PROVIDE (hmac_md5_vector, 0x4000a160)
                0x4000ba28                PROVIDE (hmac_sha1, 0x4000ba28)
                0x4000b8b4                PROVIDE (hmac_sha1_vector, 0x4000b8b4)
                0x40004f40                PROVIDE (lldesc_build_chain, 0x40004f40)
                0x40005050                PROVIDE (lldesc_num2link, 0x40005050)
                0x4000507c                PROVIDE (lldesc_set_owner, 0x4000507c)
                0x40000fec                PROVIDE (main, 0x40000fec)
                0x400097ac                PROVIDE (md5_vector, 0x400097ac)
                0x40001c2c                PROVIDE (mem_calloc, 0x40001c2c)
                0x400019e0                PROVIDE (mem_free, 0x400019e0)
                0x40001998                PROVIDE (mem_init, 0x40001998)
                0x40001b40                PROVIDE (mem_malloc, 0x40001b40)
                0x40001c6c                PROVIDE (mem_realloc, 0x40001c6c)
                0x40001a14                PROVIDE (mem_trim, 0x40001a14)
                0x40001c58                PROVIDE (mem_zalloc, 0x40001c58)
                0x4000dea8                PROVIDE (memcmp, 0x4000dea8)
                0x4000df48                PROVIDE (memcpy, 0x4000df48)
                0x4000e04c                PROVIDE (memmove, 0x4000e04c)
                0x4000e190                PROVIDE (memset, 0x4000e190)
                0x400031c0                PROVIDE (multofup, 0x400031c0)
                0x4000b840                PROVIDE (pbkdf2_sha1, 0x4000b840)
                0x40006b08                PROVIDE (phy_get_romfuncs, 0x40006b08)
                0x40000600                PROVIDE (rand, 0x40000600)
                0x4000dd68                PROVIDE (rc4_skip, 0x4000dd68)
                0x40003d08                PROVIDE (recv_packet, 0x40003d08)
                0x40000a04                PROVIDE (remove_head_space, 0x40000a04)
                0x40008dd0                PROVIDE (rijndaelKeySetupDec, 0x40008dd0)
                0x40009300                PROVIDE (rijndaelKeySetupEnc, 0x40009300)
                0x400060c0                PROVIDE (rom_abs_temp, 0x400060c0)
                0x40006b10                PROVIDE (rom_ana_inf_gating_en, 0x40006b10)
                0x40007a28                PROVIDE (rom_cal_tos_v50, 0x40007a28)
                0x40006f84                PROVIDE (rom_chip_50_set_channel, 0x40006f84)
                0x400060d0                PROVIDE (rom_chip_v5_disable_cca, 0x400060d0)
                0x400060ec                PROVIDE (rom_chip_v5_enable_cca, 0x400060ec)
                0x4000711c                PROVIDE (rom_chip_v5_rx_init, 0x4000711c)
                0x4000610c                PROVIDE (rom_chip_v5_sense_backoff, 0x4000610c)
                0x4000718c                PROVIDE (rom_chip_v5_tx_init, 0x4000718c)
                0x4000615c                PROVIDE (rom_dc_iq_est, 0x4000615c)
                0x400061b8                PROVIDE (rom_en_pwdet, 0x400061b8)
                0x40006238                PROVIDE (rom_get_bb_atten, 0x40006238)
                0x40006260                PROVIDE (rom_get_corr_power, 0x40006260)
                0x400062dc                PROVIDE (rom_get_fm_sar_dout, 0x400062dc)
                0x40006394                PROVIDE (rom_get_noisefloor, 0x40006394)
                0x400063b0                PROVIDE (rom_get_power_db, 0x400063b0)
                0x40007268                PROVIDE (rom_i2c_readReg, 0x40007268)
                0x4000729c                PROVIDE (rom_i2c_readReg_Mask, 0x4000729c)
                0x400072d8                PROVIDE (rom_i2c_writeReg, 0x400072d8)
                0x4000730c                PROVIDE (rom_i2c_writeReg_Mask, 0x4000730c)
                0x40006400                PROVIDE (rom_iq_est_disable, 0x40006400)
                0x40006430                PROVIDE (rom_iq_est_enable, 0x40006430)
                0x40006484                PROVIDE (rom_linear_to_db, 0x40006484)
                0x400065a4                PROVIDE (rom_mhz2ieee, 0x400065a4)
                0x40007bf0                PROVIDE (rom_pbus_dco___SA2, 0x40007bf0)
                0x4000737c                PROVIDE (rom_pbus_debugmode, 0x4000737c)
                0x40007410                PROVIDE (rom_pbus_enter_debugmode, 0x40007410)
                0x40007448                PROVIDE (rom_pbus_exit_debugmode, 0x40007448)
                0x4000747c                PROVIDE (rom_pbus_force_test, 0x4000747c)
                0x400074d8                PROVIDE (rom_pbus_rd, 0x400074d8)
                0x4000754c                PROVIDE (rom_pbus_set_rxgain, 0x4000754c)
                0x40007610                PROVIDE (rom_pbus_set_txgain, 0x40007610)
                0x40007648                PROVIDE (rom_pbus_workmode, 0x40007648)
                0x40007688                PROVIDE (rom_pbus_xpd_rx_off, 0x40007688)
                0x400076cc                PROVIDE (rom_pbus_xpd_rx_on, 0x400076cc)
                0x400076fc                PROVIDE (rom_pbus_xpd_tx_off, 0x400076fc)
                0x40007740                PROVIDE (rom_pbus_xpd_tx_on, 0x40007740)
                0x400077a0                PROVIDE (rom_pbus_xpd_tx_on__low_gain, 0x400077a0)
                0x40007804                PROVIDE (rom_phy_reset_req, 0x40007804)
                0x4000781c                PROVIDE (rom_restart_cal, 0x4000781c)
                0x40007eb4                PROVIDE (rom_rfcal_pwrctrl, 0x40007eb4)
                0x4000804c                PROVIDE (rom_rfcal_rxiq, 0x4000804c)
                0x40008264                PROVIDE (rom_rfcal_rxiq_set_reg, 0x40008264)
                0x40008388                PROVIDE (rom_rfcal_txcap, 0x40008388)
                0x40008610                PROVIDE (rom_rfcal_txiq, 0x40008610)
                0x400088b8                PROVIDE (rom_rfcal_txiq_cover, 0x400088b8)
                0x40008a70                PROVIDE (rom_rfcal_txiq_set_reg, 0x40008a70)
                0x40007868                PROVIDE (rom_rfpll_reset, 0x40007868)
                0x40007968                PROVIDE (rom_rfpll_set_freq, 0x40007968)
                0x40008b6c                PROVIDE (rom_rxiq_cover_mg_mp, 0x40008b6c)
                0x40006628                PROVIDE (rom_rxiq_get_mis, 0x40006628)
                0x40006738                PROVIDE (rom_sar_init, 0x40006738)
                0x4000678c                PROVIDE (rom_set_ana_inf_tx_scale, 0x4000678c)
                0x40006c50                PROVIDE (rom_set_channel_freq, 0x40006c50)
                0x400067c8                PROVIDE (rom_set_loopback_gain, 0x400067c8)
                0x40006830                PROVIDE (rom_set_noise_floor, 0x40006830)
                0x40006550                PROVIDE (rom_set_rxclk_en, 0x40006550)
                0x40008c6c                PROVIDE (rom_set_txbb_atten, 0x40008c6c)
                0x4000650c                PROVIDE (rom_set_txclk_en, 0x4000650c)
                0x40008d34                PROVIDE (rom_set_txiq_cal, 0x40008d34)
                0x40006874                PROVIDE (rom_start_noisefloor, 0x40006874)
                0x400068b4                PROVIDE (rom_start_tx_tone, 0x400068b4)
                0x4000698c                PROVIDE (rom_stop_tx_tone, 0x4000698c)
                0x40006a98                PROVIDE (rom_tx_mac_disable, 0x40006a98)
                0x40006ad4                PROVIDE (rom_tx_mac_enable, 0x40006ad4)
                0x40006a1c                PROVIDE (rom_txtone_linear_pwr, 0x40006a1c)
                0x400078dc                PROVIDE (rom_write_rfpll_sdm, 0x400078dc)
                0x400031b4                PROVIDE (roundup2, 0x400031b4)
                0x40002870                PROVIDE (rtc_enter_sleep, 0x40002870)
                0x400025e0                PROVIDE (rtc_get_reset_reason, 0x400025e0)
                0x400029ec                PROVIDE (rtc_intr_handler, 0x400029ec)
                0x40002668                PROVIDE (rtc_set_sleep_mode, 0x40002668)
                0x400027a4                PROVIDE (save_rxbcn_mactime, 0x400027a4)
                0x400027ac                PROVIDE (save_tsf_us, 0x400027ac)
                0x40003c80                PROVIDE (send_packet, 0x40003c80)
                0x4000ba48                PROVIDE (sha1_prf, 0x4000ba48)
                0x4000a2ec                PROVIDE (sha1_vector, 0x4000a2ec)
                0x40005180                PROVIDE (sip_alloc_to_host_evt, 0x40005180)
                0x400058a8                PROVIDE (sip_get_ptr, 0x400058a8)
                0x40005668                PROVIDE (sip_get_state, 0x40005668)
                0x4000567c                PROVIDE (sip_init_attach, 0x4000567c)
                0x4000544c                PROVIDE (sip_install_rx_ctrl_cb, 0x4000544c)
                0x4000545c                PROVIDE (sip_install_rx_data_cb, 0x4000545c)
                0x400050fc                PROVIDE (sip_post, 0x400050fc)
                0x400056c4                PROVIDE (sip_post_init, 0x400056c4)
                0x4000534c                PROVIDE (sip_reclaim_from_host_cmd, 0x4000534c)
                0x400052c0                PROVIDE (sip_reclaim_tx_data_pkt, 0x400052c0)
                0x40005808                PROVIDE (sip_send, 0x40005808)
                0x40005864                PROVIDE (sip_to_host_chain_append, 0x40005864)
                0x40005234                PROVIDE (sip_to_host_evt_send_done, 0x40005234)
                0x400060ac                PROVIDE (slc_add_credits, 0x400060ac)
                0x40005d90                PROVIDE (slc_enable, 0x40005d90)
                0x40005f24                PROVIDE (slc_from_host_chain_fetch, 0x40005f24)
                0x40005e94                PROVIDE (slc_from_host_chain_recycle, 0x40005e94)
                0x40005c50                PROVIDE (slc_init_attach, 0x40005c50)
                0x4000608c                PROVIDE (slc_init_credit, 0x4000608c)
                0x40006014                PROVIDE (slc_pause_from_host, 0x40006014)
                0x40005c1c                PROVIDE (slc_reattach, 0x40005c1c)
                0x4000603c                PROVIDE (slc_resume_from_host, 0x4000603c)
                0x40005dc0                PROVIDE (slc_select_tohost_gpio, 0x40005dc0)
                0x40005db8                PROVIDE (slc_select_tohost_gpio_mode, 0x40005db8)
                0x40005de4                PROVIDE (slc_send_to_host_chain, 0x40005de4)
                0x40006068                PROVIDE (slc_set_host_io_max_window, 0x40006068)
                0x40005f10                PROVIDE (slc_to_host_chain_recycle, 0x40005f10)
                0x4000264c                PROVIDE (software_reset, 0x4000264c)
                0x40004644                PROVIDE (spi_flash_attach, 0x40004644)
                0x400005f0                PROVIDE (srand, 0x400005f0)
                0x4000bdc8                PROVIDE (strcmp, 0x4000bdc8)
                0x4000bec8                PROVIDE (strcpy, 0x4000bec8)
                0x4000bf4c                PROVIDE (strlen, 0x4000bf4c)
                0x4000bfa8                PROVIDE (strncmp, 0x4000bfa8)
                0x4000c0a0                PROVIDE (strncpy, 0x4000c0a0)
                0x4000e1e0                PROVIDE (strstr, 0x4000e1e0)
                0x40002c64                PROVIDE (timer_insert, 0x40002c64)
                0x4000383c                PROVIDE (uartAttach, 0x4000383c)
                0x40003924                PROVIDE (uart_baudrate_detect, 0x40003924)
                0x400038a4                PROVIDE (uart_buff_switch, 0x400038a4)
                0x400039d8                PROVIDE (uart_div_modify, 0x400039d8)
                0x40003bbc                PROVIDE (uart_rx_intr_handler, 0x40003bbc)
                0x40003b8c                PROVIDE (uart_rx_one_char, 0x40003b8c)
                0x40003b64                PROVIDE (uart_rx_one_char_block, 0x40003b64)
                0x40003ec8                PROVIDE (uart_rx_readbuff, 0x40003ec8)
                0x40003b30                PROVIDE (uart_tx_one_char, 0x40003b30)
                0x4000bc40                PROVIDE (wepkey_128, 0x4000bc40)
                0x4000bb3c                PROVIDE (wepkey_64, 0x4000bb3c)
                0x40000688                PROVIDE (xthal_bcopy, 0x40000688)
                0x4000074c                PROVIDE (xthal_copy123, 0x4000074c)
                0x4000dd4c                PROVIDE (xthal_get_ccompare, 0x4000dd4c)
                0x4000dd38                PROVIDE (xthal_get_ccount, 0x4000dd38)
                0x4000dd58                PROVIDE (xthal_get_interrupt, 0x4000dd58)
                0x4000dd58                PROVIDE (xthal_get_intread, 0x4000dd58)
                0x400006c4                PROVIDE (xthal_memcpy, 0x400006c4)
                0x4000dd40                PROVIDE (xthal_set_ccompare, 0x4000dd40)
                0x4000dd60                PROVIDE (xthal_set_intclear, 0x4000dd60)
                0x4000e320                PROVIDE (xthal_spill_registers_into_stack_nw, 0x4000e320)
                0x4000e324                PROVIDE (xthal_window_spill, 0x4000e324)
                0x4000e320                PROVIDE (xthal_window_spill_nw, 0x4000e320)
                0x3fffccf0                PROVIDE (Te0, 0x3fffccf0)
                0x3fffde10                PROVIDE (UartDev, 0x3fffde10)
                0x3fffc704                PROVIDE (cpu_clk_mhz, 0x3fffc704)
                0x3fffc708                PROVIDE (wdt_info, 0x3fffc708)
                0x3fffc714                PROVIDE (flashchip, 0x3fffc714)
                0x40001878                PROVIDE (esp_print_exception_regs, 0x40001878)
                0x400017e0                PROVIDE (esp_dump_regs, 0x400017e0)
                0x40001878                PROVIDE (esp_FatalException, 0x40001878)
                0x400017e0                PROVIDE (esp_exception9, 0x400017e0)
                0x40004568                PROVIDE (SPIFlashCnfig, 0x40004568)
                0x40001dcc                PROVIDE (_putc1, 0x40001dcc)
                0x400024a8                PROVIDE (_putc2_def, 0x400024a8)
                0x3fffdd58                PROVIDE (printf_buf_len, 0x3fffdd58)
                0x3fffdd5c                PROVIDE (printf_pbuf, 0x3fffdd5c)
                0x3fffdcd0                PROVIDE (user_start_proc, 0x3fffdcd0)
                0x3fffe360                PROVIDE (_sprintf_buf, 0x3fffe360)
                0x3fffe364                PROVIDE (print_mem_buf, 0x3fffe364)
                0x3ff00000                PROVIDE (dport_, 0x3ff00000)
                0x3ff20000                PROVIDE (io2_regs_, 0x3ff20000)
                0x60000000                PROVIDE (uart0_, 0x60000000)
                0x60000100                PROVIDE (spi1_, 0x60000100)
                0x60000200                PROVIDE (spi0_, 0x60000200)
                0x60000300                PROVIDE (gpio_, 0x60000300)
                0x60000600                PROVIDE (timer_, 0x60000600)
                0x60000700                PROVIDE (rtc_, 0x60000700)
                0x60000800                PROVIDE (iomux_, 0x60000800)
                0x60000900                PROVIDE (wdt_, 0x60000900)
                0x60000d00                PROVIDE (sar_, 0x60000d00)
                0x60000f00                PROVIDE (uart1_, 0x60000f00)
                0x60001000                PROVIDE (rtc_ram_, 0x60001000)
                0x60001100                PROVIDE (rtc_mem_, 0x60001100)
                0x60009800                PROVIDE (io4_regs_, 0x60009800)
OUTPUT(.output/eagle/image/eagle.app.v6.out elf32-xtensa-le)

.comment        0x00000000       0x5a
 .comment       0x00000000       0x11 loader/.output/eagle/lib/libloader.a(loader.o)
                                 0x12 (size before relaxing)
 .comment       0x00000000       0x12 main/.output/eagle/lib/libaddmmain.a(startup.o)
 .comment       0x00000000       0x12 main/.output/eagle/lib/libaddmmain.a(os_printf.o)
 .comment       0x00000000       0x12 main/.output/eagle/lib/libaddmmain.a(wdt.o)
 .comment       0x00000000       0x12 user/.output/eagle/lib/libuser.a(user_main.o)
 .comment       0x00000011       0x49 ../lib\libmem.a(mem_manager.o)

.xtensa.info    0x00000000       0x38
 .xtensa.info   0x00000000       0x38 loader/.output/eagle/lib/libloader.a(loader.o)
 .xtensa.info   0x00000000        0x0 main/.output/eagle/lib/libaddmmain.a(startup.o)
 .xtensa.info   0x00000000        0x0 main/.output/eagle/lib/libaddmmain.a(os_printf.o)
 .xtensa.info   0x00000000        0x0 main/.output/eagle/lib/libaddmmain.a(wdt.o)
 .xtensa.info   0x00000000        0x0 user/.output/eagle/lib/libuser.a(user_main.o)
 .xtensa.info   0x00000000        0x0 ../lib\libmem.a(mem_manager.o)

.xt.lit         0x00000000       0x88
 .xt.lit        0x00000000       0x10 loader/.output/eagle/lib/libloader.a(loader.o)
 .xt.lit        0x00000010        0x8 main/.output/eagle/lib/libaddmmain.a(startup.o)
 .xt.lit        0x00000018       0x18 main/.output/eagle/lib/libaddmmain.a(os_printf.o)
 .xt.lit        0x00000030       0x28 main/.output/eagle/lib/libaddmmain.a(wdt.o)
                                 0x30 (size before relaxing)
 .xt.lit        0x00000058        0x8 user/.output/eagle/lib/libuser.a(user_main.o)
 .xt.lit        0x00000060       0x28 ../lib\libmem.a(mem_manager.o)
                                 0x38 (size before relaxing)

.xt.prop        0x00000000      0x54c
 .xt.prop       0x00000000       0x78 loader/.output/eagle/lib/libloader.a(loader.o)
 .xt.prop       0x00000078       0x6c main/.output/eagle/lib/libaddmmain.a(startup.o)
 .xt.prop       0x000000e4       0x90 main/.output/eagle/lib/libaddmmain.a(os_printf.o)
 .xt.prop       0x00000174      0x18c main/.output/eagle/lib/libaddmmain.a(wdt.o)
                                0x198 (size before relaxing)
 .xt.prop       0x00000300       0x48 user/.output/eagle/lib/libuser.a(user_main.o)
                                 0x60 (size before relaxing)
 .xt.prop       0x00000348      0x204 ../lib\libmem.a(mem_manager.o)
                                0x258 (size before relaxing)
